
 => TITLE: d:\nai\nati\studia\inzynierka\github\xrd-ai\dane\gr04\grupa05\zno_800rpm_5min.xrdml
!   Position      Sigma     Intensity       Sigma       FWHM        Sigma       Eta         Sigma       HG**2          HG        HL       Beta_G       Beta_L       Beta        Imax
   31.724108    0.001260       226.30        6.34     0.171625    0.003855    0.559710    0.042710    0.014915    0.122125    0.082671    0.129998    0.129859    0.222905     1041.88
